Archive member included to satisfy reference by file (symbol)

/usr/share/crossworks_for_arm_5.3/lib/libmem_v7em_t_le_eabi_small.a(libmem_unity.o)
                              M43x Loader M43x_AP_128 Release/libmem_flm_driver.o (libmem_register_driver)
/usr/share/crossworks_for_arm_5.3/lib/libmem_v7em_t_le_eabi_small.a(libmem_crc32_direct.o)
                              M43x Loader M43x_AP_128 Release/libmem_flm_driver.o (libmem_crc32_direct)
/usr/share/crossworks_for_arm_5.3/lib/libmem_loader_v7em_t_le_eabi_small.a(libmem_rpc_loader_start.o)
                              M43x Loader M43x_AP_128 Release/loader.o (libmem_rpc_loader_start)
/usr/share/crossworks_for_arm_5.3/lib/libmem_loader_v7em_t_le_eabi_small.a(libmem_rpc_loader_exit.o)
                              M43x Loader M43x_AP_128 Release/loader.o (libmem_rpc_loader_exit)
/usr/share/crossworks_for_arm_5.3/lib/libmem_loader_v7em_t_le_eabi_small.a(libmem_rpc_loader_op.o)
                              /usr/share/crossworks_for_arm_5.3/lib/libmem_loader_v7em_t_le_eabi_small.a(libmem_rpc_loader_start.o) (libmem_rpc_loader_op)
/usr/share/crossworks_for_arm_5.3/lib/libc_v7em_t_le_eabi_small.a(libc2_asm.o)
                              M43x Loader M43x_AP_128 Release/libmem_flm_driver.o (memcpy)
/usr/share/crossworks_for_arm_5.3/lib/libc_v7em_t_le_eabi_small.a(libvfprintf.o)
                              (__vfprintf_float_long_long)
/usr/share/crossworks_for_arm_5.3/lib/libc_v7em_t_le_eabi_small.a(libvfscanf.o)
                              (__vfscanf_float_long_long_cc)
/usr/share/crossworks_for_arm_5.3/lib/libc_v7em_t_le_eabi_small.a(libc_asm.o)
                              /usr/share/crossworks_for_arm_5.3/lib/libc_v7em_t_le_eabi_small.a(libvfprintf.o) (__aeabi_uldivmod)
/usr/share/crossworks_for_arm_5.3/lib/libc_v7em_t_le_eabi_small.a(libc2.o)
                              /usr/share/crossworks_for_arm_5.3/lib/libc_v7em_t_le_eabi_small.a(libvfscanf.o) (__getc)
/usr/share/crossworks_for_arm_5.3/lib/libc_v7em_t_le_eabi_small.a(libc.o)
                              /usr/share/crossworks_for_arm_5.3/lib/libc_v7em_t_le_eabi_small.a(libc2.o) (__heap_lock)
/usr/share/crossworks_for_arm_5.3/lib/libdebugio_v7em_t_le_eabi_small.a(libdebugio_asm.o)
                              /usr/share/crossworks_for_arm_5.3/lib/libc_v7em_t_le_eabi_small.a(libc2.o) (__getchar)
/usr/share/crossworks_for_arm_5.3/lib/libdebugio_v7em_t_le_eabi_small.a(mempoll_debug_operations.o)
                              (__do_debug_operation_mempoll)
/usr/share/crossworks_for_arm_5.3/lib/libdebugio_v7em_t_le_eabi_small.a(libdebugio.o)
                              /usr/share/crossworks_for_arm_5.3/lib/libdebugio_v7em_t_le_eabi_small.a(libdebugio_asm.o) (debug_fopen)
/usr/share/crossworks_for_arm_5.3/lib/libdebugio_v7em_t_le_eabi_small.a(do_nv_debug_operation.o)
                              /usr/share/crossworks_for_arm_5.3/lib/libdebugio_v7em_t_le_eabi_small.a(libdebugio.o) (__do_nvdebug_operation)
/usr/share/crossworks_for_arm_5.3/lib/libm_v7em_t_le_eabi_small.a(libm_asm.o)
                              /usr/share/crossworks_for_arm_5.3/lib/libc_v7em_t_le_eabi_small.a(libc2.o) (__aeabi_i2f)
/usr/share/crossworks_for_arm_5.3/lib/libm_v7em_t_le_eabi_small.a(libm2.o)
                              /usr/share/crossworks_for_arm_5.3/lib/libc_v7em_t_le_eabi_small.a(libvfprintf.o) (frexp)
/usr/share/crossworks_for_arm_5.3/lib/libm_v7em_t_le_eabi_small.a(libm2_asm.o)
                              /usr/share/crossworks_for_arm_5.3/lib/libm_v7em_t_le_eabi_small.a(libm2.o) (fabs)

Discarded input sections

 .text          0x00000000        0x0 M43x Loader M43x_AP_128 Release/M43x_AP_128_flm.o
 .data          0x00000000        0x0 M43x Loader M43x_AP_128 Release/M43x_AP_128_flm.o
 .bss           0x00000000        0x0 M43x Loader M43x_AP_128 Release/M43x_AP_128_flm.o
 .text.BlankCheck
                0x00000000        0x4 M43x Loader M43x_AP_128 Release/M43x_AP_128_flm.o
 .text.EraseChip
                0x00000000        0x4 M43x Loader M43x_AP_128 Release/M43x_AP_128_flm.o
 .text.Verify   0x00000000        0x4 M43x Loader M43x_AP_128 Release/M43x_AP_128_flm.o
 .text          0x00000000        0x0 M43x Loader M43x_AP_128 Release/system_M43x.o
 .data          0x00000000        0x0 M43x Loader M43x_AP_128 Release/system_M43x.o
 .bss           0x00000000        0x0 M43x Loader M43x_AP_128 Release/system_M43x.o
 .text.SystemCoreClockUpdate
                0x00000000       0x58 M43x Loader M43x_AP_128 Release/system_M43x.o
 .data.gau32ClkSrcTbl
                0x00000000       0x20 M43x Loader M43x_AP_128 Release/system_M43x.o
 .data.PllClock
                0x00000000        0x4 M43x Loader M43x_AP_128 Release/system_M43x.o
 .data.CyclesPerUs
                0x00000000        0x4 M43x Loader M43x_AP_128 Release/system_M43x.o
 .data.SystemCoreClock
                0x00000000        0x4 M43x Loader M43x_AP_128 Release/system_M43x.o
[...]
Memory Configuration

Name             Origin             Length             Attributes
UNPLACED_SECTIONS 0x00000000         0x00000000         xw
RAM              0x20000000         0x00010000         xw
FLASH            0x00000000         0x00020000         xr
*default*        0x00000000         0xffffffff

Linker script and memory map

                0x20000000                        __RAM_segment_start__ = 0x20000000
                0x20010000                        __RAM_segment_end__ = 0x20010000
                0x00010000                        __RAM_segment_size__ = 0x10000
                0x00000000                        __FLASH_segment_start__ = 0x0
                0x00020000                        __FLASH_segment_end__ = 0x20000
                0x00020000                        __FLASH_segment_size__ = 0x20000
                0x00008000                        __HEAPSIZE__ = 0x8000
                0x00000000                        __STACKSIZE_ABT__ = 0x0
                0x00000000                        __STACKSIZE_FIQ__ = 0x0
                0x00000000                        __STACKSIZE_IRQ__ = 0x0
                0x00000000                        __STACKSIZE_PROCESS__ = 0x0
                0x00000000                        __STACKSIZE_SVC__ = 0x0
                0x00000000                        __STACKSIZE_UND__ = 0x0
                0x00001000                        __STACKSIZE__ = 0x1000
                0x00000000                        __do_debug_operation = __do_debug_operation_mempoll
                0x00000000                        __vfprintf = __vfprintf_float_long_long
                0x00000000                        __vfscanf = __vfscanf_float_long_long_cc
                0x20000000                        __vectors_load_start__ = ALIGN (__RAM_segment_start__, 0x100)

.vectors        0x20000000        0x0
                0x20000000                        __vectors_start__ = .
 *(.vectors .vectors.*)
                0x20000000                        __vectors_end__ = (__vectors_start__ + SIZEOF (.vectors))
                0x00000000                        __vectors_size__ = SIZEOF (.vectors)
                0x20000000                        __vectors_load_end__ = __vectors_end__
                0x00000001                        . = ASSERT (((__vectors_start__ == __vectors_end__) || ((__vectors_end__ - __RAM_segment_start__) <= __RAM_segment_size__)), error: .vectors is too large to fit in RAM memory segment)
                0x20000000                        __fast_load_start__ = ALIGN (__vectors_end__, 0x4)

.fast           0x20000000        0x0
                0x20000000                        __fast_start__ = .
 *(.fast .fast.*)
                0x20000000                        __fast_end__ = (__fast_start__ + SIZEOF (.fast))
                0x00000000                        __fast_size__ = SIZEOF (.fast)
                0x20000000                        __fast_load_end__ = __fast_end__
                0x00000001                        . = ASSERT (((__fast_start__ == __fast_end__) || ((__fast_end__ - __RAM_segment_start__) <= __RAM_segment_size__)), error: .fast is too large to fit in RAM memory segment)
                0x20000000                        __init_load_start__ = ALIGN (__fast_end__, 0x4)

.init           0x20000000      0x178
                0x20000000                        __init_start__ = .
 *(.init .init.*)
 .init          0x20000000       0x10 M43x Loader M43x_AP_128 Release/M4xx_Startup.o
                0x20000000                Reset_Handler
 .init          0x20000010      0x168 M43x Loader M43x_AP_128 Release/thumb_crt0.o
                0x20000010                _start
                0x200000ba                _Exit
                0x200000ba                exit
                0x20000178                        __init_end__ = (__init_start__ + SIZEOF (.init))
                0x00000178                        __init_size__ = SIZEOF (.init)
                0x20000178                        __init_load_end__ = __init_end__
                0x00000001                        . = ASSERT (((__init_start__ == __init_end__) || ((__init_end__ - __RAM_segment_start__) <= __RAM_segment_size__)), error: .init is too large to fit in RAM memory segment)
                0x20000178                        __init_rodata_load_start__ = ALIGN (__init_end__, 0x4)

.init_rodata    0x20000178        0x0
                0x20000178                        __init_rodata_start__ = .
 *(.init_rodata .init_rodata.*)
                0x20000178                        __init_rodata_end__ = (__init_rodata_start__ + SIZEOF (.init_rodata))
                0x00000000                        __init_rodata_size__ = SIZEOF (.init_rodata)
                0x20000178                        __init_rodata_load_end__ = __init_rodata_end__
                0x00000001                        . = ASSERT (((__init_rodata_start__ == __init_rodata_end__) || ((__init_rodata_end__ - __RAM_segment_start__) <= __RAM_segment_size__)), error: .init_rodata is too large to fit in RAM memory segment)
                0x20000178                        __text_load_start__ = ALIGN (__init_rodata_end__, 0x4)

.text           0x20000178      0x606
                0x20000178                        __text_start__ = .
 *(.text .text.* .gnu.linkonce.t.* .glue_7t .glue_7 .gcc_except_table .ARM.extab* .gnu.linkonce.armextab.*)
 .glue_7        0x20000178        0x0 linker stubs
 .glue_7t       0x20000178        0x0 linker stubs
 .text.executeCommand
                0x20000178       0x24 M43x Loader M43x_AP_128 Release/M43x_AP_128_flm.o
                0x20000178                executeCommand
 .text.Init     0x2000019c       0xac M43x Loader M43x_AP_128 Release/M43x_AP_128_flm.o
                0x2000019c                Init
 .text.UnInit   0x20000248       0x28 M43x Loader M43x_AP_128 Release/M43x_AP_128_flm.o
                0x20000248                UnInit
 .text.EraseSector
                0x20000270       0x28 M43x Loader M43x_AP_128 Release/M43x_AP_128_flm.o
                0x20000270                EraseSector
 .text.ProgramPage
                0x20000298       0x30 M43x Loader M43x_AP_128 Release/M43x_AP_128_flm.o
                0x20000298                ProgramPage
 .text.SystemInit
                0x200002c8       0x64 M43x Loader M43x_AP_128 Release/system_M43x.o
                0x200002c8                SystemInit
 .text.libmem_m480_register_internal_flash_driver
                0x2000032c       0x28 M43x Loader M43x_AP_128 Release/libmem_m4xx_internal_flash_driver.o
                0x2000032c                libmem_m480_register_internal_flash_driver
 .text.startup.main
                0x20000354       0x3c M43x Loader M43x_AP_128 Release/loader.o
                0x20000354                main
 .text.flash_write_page
                0x20000390       0x24 M43x Loader M43x_AP_128 Release/libmem_flm_driver.o
 .text.set_flm_fnc
                0x200003b4       0x3c M43x Loader M43x_AP_128 Release/libmem_flm_driver.o
 .text.libmem_flush_impl
                0x200003f0       0x1c M43x Loader M43x_AP_128 Release/libmem_flm_driver.o
 .text.libmem_erase_impl
                0x2000040c       0x2c M43x Loader M43x_AP_128 Release/libmem_flm_driver.o
 .text.flash_erase_sector
                0x20000438       0x1c M43x Loader M43x_AP_128 Release/libmem_flm_driver.o
 .text.libmem_write_impl
                0x20000454       0x28 M43x Loader M43x_AP_128 Release/libmem_flm_driver.o
 .text.libmem_register_flm_driver
                0x2000047c       0x44 M43x Loader M43x_AP_128 Release/libmem_flm_driver.o
                0x2000047c                libmem_register_flm_driver
 .text.libmem.libmem_register_driver
                0x200004c0       0x28 /usr/share/crossworks_for_arm_5.3/lib/libmem_v7em_t_le_eabi_small.a(libmem_unity.o)
                0x200004c0                libmem_register_driver
 .text.libmem.libmem_get_driver
                0x200004e8       0x40 /usr/share/crossworks_for_arm_5.3/lib/libmem_v7em_t_le_eabi_small.a(libmem_unity.o)
                0x200004e8                libmem_get_driver
 .text.libmem.libmem_crc32
                0x20000528       0x34 /usr/share/crossworks_for_arm_5.3/lib/libmem_v7em_t_le_eabi_small.a(libmem_unity.o)
                0x20000528                libmem_crc32
 .text.libmem.libmem_driver_paged_write_init
                0x2000055c       0x1c /usr/share/crossworks_for_arm_5.3/lib/libmem_v7em_t_le_eabi_small.a(libmem_unity.o)
                0x2000055c                libmem_driver_paged_write_init
 .text.libmem.libmem_driver_paged_write_flush
                0x20000578       0x1c /usr/share/crossworks_for_arm_5.3/lib/libmem_v7em_t_le_eabi_small.a(libmem_unity.o)
                0x20000578                libmem_driver_paged_write_flush
 .text.libmem.libmem_driver_paged_write
                0x20000594       0x94 /usr/share/crossworks_for_arm_5.3/lib/libmem_v7em_t_le_eabi_small.a(libmem_unity.o)
                0x20000594                libmem_driver_paged_write
 .text.libmem.libmem_foreach_sector_in_range_ex
                0x20000628       0xc2 /usr/share/crossworks_for_arm_5.3/lib/libmem_v7em_t_le_eabi_small.a(libmem_unity.o)
                0x20000628                libmem_foreach_sector_in_range_ex
 .text.libmem.libmem_foreach_sector_in_range
                0x200006ea       0x1a /usr/share/crossworks_for_arm_5.3/lib/libmem_v7em_t_le_eabi_small.a(libmem_unity.o)
                0x200006ea                libmem_foreach_sector_in_range
 .text.libmem   0x20000704       0x34 /usr/share/crossworks_for_arm_5.3/lib/libmem_v7em_t_le_eabi_small.a(libmem_crc32_direct.o)
                0x20000704                libmem_crc32_direct
 .text          0x20000738        0x8 /usr/share/crossworks_for_arm_5.3/lib/libmem_loader_v7em_t_le_eabi_small.a(libmem_rpc_loader_start.o)
                0x20000738                libmem_rpc_loader_start
 .text          0x20000740        0x8 /usr/share/crossworks_for_arm_5.3/lib/libmem_loader_v7em_t_le_eabi_small.a(libmem_rpc_loader_exit.o)
                0x20000740                libmem_rpc_loader_exit
 *fill*         0x20000748        0x8 
 .text          0x20000750       0x14 /usr/share/crossworks_for_arm_5.3/lib/libmem_loader_v7em_t_le_eabi_small.a(libmem_rpc_loader_op.o)
                0x20000750                libmem_rpc_loader_op
 .text.libc.memcpy
                0x20000764       0x1a /usr/share/crossworks_for_arm_5.3/lib/libc_v7em_t_le_eabi_small.a(libc2_asm.o)
                0x20000764                memcpy
                0x20000764                __aeabi_memcpy
                0x20000764                __aeabi_memcpy4
                0x20000764                __aeabi_memcpy8
                0x2000077e                        __text_end__ = (__text_start__ + SIZEOF (.text))
                0x00000606                        __text_size__ = SIZEOF (.text)
                0x2000077e                        __text_load_end__ = __text_end__

.vfp11_veneer   0x00000000        0x0
 .vfp11_veneer  0x00000000        0x0 linker stubs

.v4_bx          0x00000000        0x0
 .v4_bx         0x00000000        0x0 linker stubs

.iplt           0x00000000        0x0
 .iplt          0x00000000        0x0 M43x Loader M43x_AP_128 Release/M43x_AP_128_flm.o
                0x00000001                        . = ASSERT (((__text_start__ == __text_end__) || ((__text_end__ - __RAM_segment_start__) <= __RAM_segment_size__)), error: .text is too large to fit in RAM memory segment)
                0x20000780                        __dtors_load_start__ = ALIGN (__text_end__, 0x4)

.dtors          0x20000780        0x0
                0x20000780                        __dtors_start__ = .
 *(SORT_BY_NAME(.dtors.*))
 *(.dtors)
 *(.fini_array)
 *(SORT_BY_NAME(.fini_array.*))
                0x20000780                        __dtors_end__ = (__dtors_start__ + SIZEOF (.dtors))
                0x00000000                        __dtors_size__ = SIZEOF (.dtors)
                0x20000780                        __dtors_load_end__ = __dtors_end__
                0x00000001                        . = ASSERT (((__dtors_start__ == __dtors_end__) || ((__dtors_end__ - __RAM_segment_start__) <= __RAM_segment_size__)), error: .dtors is too large to fit in RAM memory segment)
                0x20000780                        __ctors_load_start__ = ALIGN (__dtors_end__, 0x4)

.ctors          0x20000780        0x0
                0x20000780                        __ctors_start__ = .
 *(SORT_BY_NAME(.ctors.*))
 *(.ctors)
 *(.init_array)
 *(SORT_BY_NAME(.init_array.*))
                0x20000780                        __ctors_end__ = (__ctors_start__ + SIZEOF (.ctors))
                0x00000000                        __ctors_size__ = SIZEOF (.ctors)
                0x20000780                        __ctors_load_end__ = __ctors_end__
                0x00000001                        . = ASSERT (((__ctors_start__ == __ctors_end__) || ((__ctors_end__ - __RAM_segment_start__) <= __RAM_segment_size__)), error: .ctors is too large to fit in RAM memory segment)
                0x20000780                        __data_load_start__ = ALIGN (__ctors_end__, 0x4)

.data           0x20000780        0x0
                0x20000780                        __data_start__ = .
 *(.data .data.* .gnu.linkonce.d.*)
                0x20000780                        __data_end__ = (__data_start__ + SIZEOF (.data))
                0x00000000                        __data_size__ = SIZEOF (.data)
                0x20000780                        __data_load_end__ = __data_end__

.igot.plt       0x00000000        0x0
 .igot.plt      0x00000000        0x0 M43x Loader M43x_AP_128 Release/M43x_AP_128_flm.o
                0x00000001                        . = ASSERT (((__data_start__ == __data_end__) || ((__data_end__ - __RAM_segment_start__) <= __RAM_segment_size__)), error: .data is too large to fit in RAM memory segment)
                0x20000780                        __rodata_load_start__ = ALIGN (__data_end__, 0x4)

.rodata         0x20000780       0x28
                0x20000780                        __rodata_start__ = .
 *(.rodata .rodata.* .gnu.linkonce.r.* .data.rel.ro .data.rel.ro.*)
 .rodata.geometry
                0x20000780       0x10 M43x Loader M43x_AP_128 Release/libmem_m4xx_internal_flash_driver.o
 .rodata.driver_functions
                0x20000790       0x18 M43x Loader M43x_AP_128 Release/libmem_flm_driver.o
                0x200007a8                        __rodata_end__ = (__rodata_start__ + SIZEOF (.rodata))
                0x00000028                        __rodata_size__ = SIZEOF (.rodata)
                0x200007a8                        __rodata_load_end__ = __rodata_end__

.rel.dyn        0x00000000        0x0
 .rel.iplt      0x00000000        0x0 M43x Loader M43x_AP_128 Release/M43x_AP_128_flm.o
                0x00000001                        . = ASSERT (((__rodata_start__ == __rodata_end__) || ((__rodata_end__ - __RAM_segment_start__) <= __RAM_segment_size__)), error: .rodata is too large to fit in RAM memory segment)
                0x200007a8                        __ARM.exidx_load_start__ = ALIGN (__rodata_end__, 0x4)

.ARM.exidx      0x200007a8        0x0
                0x200007a8                        __ARM.exidx_start__ = .
                0x200007a8                        __exidx_start = __ARM.exidx_start__
 *(.ARM.exidx .ARM.exidx.*)
                0x200007a8                        __ARM.exidx_end__ = (__ARM.exidx_start__ + SIZEOF (.ARM.exidx))
                0x00000000                        __ARM.exidx_size__ = SIZEOF (.ARM.exidx)
                0x200007a8                        __exidx_end = __ARM.exidx_end__
                0x200007a8                        __ARM.exidx_load_end__ = __ARM.exidx_end__
                0x00000001                        . = ASSERT (((__ARM.exidx_start__ == __ARM.exidx_end__) || ((__ARM.exidx_end__ - __RAM_segment_start__) <= __RAM_segment_size__)), error: .ARM.exidx is too large to fit in RAM memory segment)
                0x200007a8                        __bss_load_start__ = ALIGN (__ARM.exidx_end__, 0x4)

.bss            0x200007a8     0x1028
                0x200007a8                        __bss_start__ = .
 *(.bss .bss.* .gnu.linkonce.b.*)
 .bss.write_buffer
                0x200007a8     0x1000 M43x Loader M43x_AP_128 Release/libmem_m4xx_internal_flash_driver.o
 .bss.currentFnc.0
                0x200017a8        0x4 M43x Loader M43x_AP_128 Release/libmem_flm_driver.o
 .bss.s_clk     0x200017ac        0x4 M43x Loader M43x_AP_128 Release/libmem_flm_driver.o
 .bss.paged_write_ctrlblk
                0x200017b0       0x1c M43x Loader M43x_AP_128 Release/libmem_flm_driver.o
 .bss.libmem.libmem_drivers
                0x200017cc        0x4 /usr/share/crossworks_for_arm_5.3/lib/libmem_v7em_t_le_eabi_small.a(libmem_unity.o)
                0x200017cc                libmem_drivers
 *(COMMON)
                0x200017d0                        __bss_end__ = (__bss_start__ + SIZEOF (.bss))
                0x00001028                        __bss_size__ = SIZEOF (.bss)
                0x200017d0                        __bss_load_end__ = __bss_end__
                0x00000001                        . = ASSERT (((__bss_start__ == __bss_end__) || ((__bss_end__ - __RAM_segment_start__) <= __RAM_segment_size__)), error: .bss is too large to fit in RAM memory segment)
                0x200017d0                        __tbss_load_start__ = ALIGN (__bss_end__, 0x4)

.tbss           0x200017d0        0x0
                0x200017d0                        __tbss_start__ = .
 *(.tbss .tbss.*)
                0x200017d0                        __tbss_end__ = (__tbss_start__ + SIZEOF (.tbss))
                0x00000000                        __tbss_size__ = SIZEOF (.tbss)
                0x200017d0                        __tbss_load_end__ = __tbss_end__
                0x00000001                        . = ASSERT (((__tbss_start__ == __tbss_end__) || ((__tbss_end__ - __RAM_segment_start__) <= __RAM_segment_size__)), error: .tbss is too large to fit in RAM memory segment)
                0x200017d0                        __tdata_load_start__ = ALIGN (__tbss_end__, 0x4)

.tdata          0x200017d0        0x0
                0x200017d0                        __tdata_start__ = .
 *(.tdata .tdata.*)
                0x200017d0                        __tdata_end__ = (__tdata_start__ + SIZEOF (.tdata))
                0x00000000                        __tdata_size__ = SIZEOF (.tdata)
                0x200017d0                        __tdata_load_end__ = __tdata_end__
                0x00000001                        . = ASSERT (((__tdata_start__ == __tdata_end__) || ((__tdata_end__ - __RAM_segment_start__) <= __RAM_segment_size__)), error: .tdata is too large to fit in RAM memory segment)
                0x200017d0                        __non_init_load_start__ = ALIGN (__tdata_end__, 0x4)

.non_init       0x200017d0        0x0
                0x200017d0                        __non_init_start__ = .
 *(.non_init .non_init.*)
                0x200017d0                        __non_init_end__ = (__non_init_start__ + SIZEOF (.non_init))
                0x00000000                        __non_init_size__ = SIZEOF (.non_init)
                0x200017d0                        __non_init_load_end__ = __non_init_end__
                0x00000001                        . = ASSERT (((__non_init_start__ == __non_init_end__) || ((__non_init_end__ - __RAM_segment_start__) <= __RAM_segment_size__)), error: .non_init is too large to fit in RAM memory segment)
                0x200017d0                        __heap_load_start__ = ALIGN (__non_init_end__, 0x4)

.heap           0x200017d0     0x8000
                0x200017d0                        __heap_start__ = .
 *(.heap .heap.*)
                0x200097d0                        . = ALIGN (MAX ((__heap_start__ + __HEAPSIZE__), .), 0x4)
 *fill*         0x200017d0     0x8000 
                0x200097d0                        __heap_end__ = (__heap_start__ + SIZEOF (.heap))
                0x00008000                        __heap_size__ = SIZEOF (.heap)
                0x200097d0                        __heap_load_end__ = __heap_end__
                0x00000001                        . = ASSERT (((__heap_start__ == __heap_end__) || ((__heap_end__ - __RAM_segment_start__) <= __RAM_segment_size__)), error: .heap is too large to fit in RAM memory segment)
                0x00000001                        . = ASSERT ((__HEAPSIZE__ == ALIGN (__HEAPSIZE__, 0x4)), error: .heap section size does not match alignment)
                0x00000001                        . = ASSERT ((__heap_size__ <= __HEAPSIZE__), error: .heap section is larger than specified size)
                0x200097d0                        __stack_load_start__ = ALIGN (__heap_end__, 0x8)

.stack          0x200097d0     0x1000
                0x200097d0                        __stack_start__ = .
 *(.stack .stack.*)
                0x2000a7d0                        . = ALIGN (MAX ((__stack_start__ + __STACKSIZE__), .), 0x8)
 *fill*         0x200097d0     0x1000 
                0x2000a7d0                        __stack_end__ = (__stack_start__ + SIZEOF (.stack))
                0x00001000                        __stack_size__ = SIZEOF (.stack)
                0x2000a7d0                        __stack_load_end__ = __stack_end__
                0x00000001                        . = ASSERT (((__stack_start__ == __stack_end__) || ((__stack_end__ - __RAM_segment_start__) <= __RAM_segment_size__)), error: .stack is too large to fit in RAM memory segment)
                0x00000001                        . = ASSERT ((__STACKSIZE__ == ALIGN (__STACKSIZE__, 0x8)), error: .stack section size does not match alignment)
                0x00000001                        . = ASSERT ((__stack_size__ <= __STACKSIZE__), error: .stack section is larger than specified size)
                0x2000a7d0                        __stack_process_load_start__ = ALIGN (__stack_end__, 0x8)

.stack_process  0x2000a7d0        0x0
                0x2000a7d0                        __stack_process_start__ = .
 *(.stack_process .stack_process.*)
                0x2000a7d0                        . = ALIGN (MAX ((__stack_process_start__ + __STACKSIZE_PROCESS__), .), 0x8)
                0x2000a7d0                        __stack_process_end__ = (__stack_process_start__ + SIZEOF (.stack_process))
                0x00000000                        __stack_process_size__ = SIZEOF (.stack_process)
                0x2000a7d0                        __stack_process_load_end__ = __stack_process_end__
                0x00000001                        . = ASSERT (((__stack_process_start__ == __stack_process_end__) || ((__stack_process_end__ - __RAM_segment_start__) <= __RAM_segment_size__)), error: .stack_process is too large to fit in RAM memory segment)
                0x00000001                        . = ASSERT ((__STACKSIZE_PROCESS__ == ALIGN (__STACKSIZE_PROCESS__, 0x8)), error: .stack_process section size does not match alignment)
                0x00000001                        . = ASSERT ((__stack_process_size__ <= __STACKSIZE_PROCESS__), error: .stack_process section is larger than specified size)
                0x2000a7d0                        __PrgCode_load_start__ = ALIGN (__stack_process_end__, 0x4)

PrgCode         0x2000a7d0        0x0
                0x2000a7d0                        __PrgCode_start__ = .
 *(PrgCode PrgCode.*)
                0x2000a7d0                        __PrgCode_end__ = (__PrgCode_start__ + SIZEOF (PrgCode))
                0x00000000                        __PrgCode_size__ = SIZEOF (PrgCode)
                0x2000a7d0                        __PrgCode_load_end__ = __PrgCode_end__
                0x00000001                        . = ASSERT (((__PrgCode_start__ == __PrgCode_end__) || ((__PrgCode_end__ - __RAM_segment_start__) <= __RAM_segment_size__)), error: PrgCode is too large to fit in RAM memory segment)
                0x2000a7d0                        __PrgData_load_start__ = ALIGN (__PrgCode_end__, 0x4)

PrgData         0x2000a7d0        0x0
                0x2000a7d0                        __PrgData_start__ = .
 *(PrgData PrgData.*)
                0x2000a7d0                        __PrgData_end__ = (__PrgData_start__ + SIZEOF (PrgData))
                0x00000000                        __PrgData_size__ = SIZEOF (PrgData)
                0x2000a7d0                        __PrgData_load_end__ = __PrgData_end__
                0x2000a7d0                        __RAM_segment_used_end__ = (ALIGN (__PrgCode_end__, 0x4) + SIZEOF (PrgData))
                0x0000a7d0                        __RAM_segment_used_size__ = (__RAM_segment_used_end__ - __RAM_segment_start__)
                0x00000001                        . = ASSERT (((__PrgData_start__ == __PrgData_end__) || ((__PrgData_end__ - __RAM_segment_start__) <= __RAM_segment_size__)), error: PrgData is too large to fit in RAM memory segment)
                0x00001000                        __STACKSIZE__ = 0x1000
                0x00000000                        __STACKSIZE_PROCESS__ = 0x0
                0x00000000                        __STACKSIZE_IRQ__ = 0x0
                0x00000000                        __STACKSIZE_FIQ__ = 0x0
                0x00000000                        __STACKSIZE_SVC__ = 0x0
                0x00000000                        __STACKSIZE_ABT__ = 0x0
                0x00000000                        __STACKSIZE_UND__ = 0x0
                0x00008000                        __HEAPSIZE__ = 0x8000
                0x00000000                        __do_debug_operation = __do_debug_operation_mempoll
                0x00000000                        __vfprintf = __vfprintf_float_long_long
                0x00000000                        __vfscanf = __vfscanf_float_long_long_cc
START GROUP
LOAD M43x Loader M43x_AP_128 Release/M43x_AP_128_flm.o
LOAD M43x Loader M43x_AP_128 Release/system_M43x.o
LOAD M43x Loader M43x_AP_128 Release/libmem_m4xx_internal_flash_driver.o
LOAD M43x Loader M43x_AP_128 Release/loader.o
LOAD M43x Loader M43x_AP_128 Release/libmem_flm_driver.o
LOAD M43x Loader M43x_AP_128 Release/M4xx_Startup.o
LOAD M43x Loader M43x_AP_128 Release/thumb_crt0.o
LOAD /usr/share/crossworks_for_arm_5.3/lib/libmem_v7em_t_le_eabi_small.a
LOAD /usr/share/crossworks_for_arm_5.3/lib/libmem_loader_v7em_t_le_eabi_small.a
LOAD /usr/share/crossworks_for_arm_5.3/lib/libm_v7em_t_le_eabi_small.a
LOAD /usr/share/crossworks_for_arm_5.3/lib/libc_v7em_t_le_eabi_small.a
LOAD /usr/share/crossworks_for_arm_5.3/lib/libdebugio_v7em_t_le_eabi_small.a
LOAD /usr/share/crossworks_for_arm_5.3/lib/libcm_v7em_t_le_eabi_small.a
END GROUP
OUTPUT(/home/mymy49/Package/CrossworksForARM_Nuvoton_Mxxx/targets/M4xx/Loader/M43x_AP_128/M43x_AP_128_Loader.elf elf32-littlearm)
LOAD linker stubs

.debug_info     0x00000000      0x3b7
 .debug_info    0x00000000       0xb6 M43x Loader M43x_AP_128 Release/M43x_AP_128_flm.o
 .debug_info    0x000000b6       0xc1 M43x Loader M43x_AP_128 Release/system_M43x.o
 .debug_info    0x00000177       0x40 M43x Loader M43x_AP_128 Release/libmem_m4xx_internal_flash_driver.o
 .debug_info    0x000001b7       0x69 M43x Loader M43x_AP_128 Release/loader.o
 .debug_info    0x00000220      0x152 M43x Loader M43x_AP_128 Release/libmem_flm_driver.o
 .debug_info    0x00000372       0x23 M43x Loader M43x_AP_128 Release/M4xx_Startup.o
 .debug_info    0x00000395       0x22 M43x Loader M43x_AP_128 Release/thumb_crt0.o

.debug_abbrev   0x00000000      0x247
 .debug_abbrev  0x00000000       0x44 M43x Loader M43x_AP_128 Release/M43x_AP_128_flm.o
 .debug_abbrev  0x00000044       0xa8 M43x Loader M43x_AP_128 Release/system_M43x.o
 .debug_abbrev  0x000000ec       0x3d M43x Loader M43x_AP_128 Release/libmem_m4xx_internal_flash_driver.o
 .debug_abbrev  0x00000129       0x5f M43x Loader M43x_AP_128 Release/loader.o
 .debug_abbrev  0x00000188       0x99 M43x Loader M43x_AP_128 Release/libmem_flm_driver.o
 .debug_abbrev  0x00000221       0x14 M43x Loader M43x_AP_128 Release/M4xx_Startup.o
 .debug_abbrev  0x00000235       0x12 M43x Loader M43x_AP_128 Release/thumb_crt0.o

.debug_aranges  0x00000000      0x1a0
 .debug_aranges
                0x00000000       0x58 M43x Loader M43x_AP_128 Release/M43x_AP_128_flm.o
 .debug_aranges
                0x00000058       0x28 M43x Loader M43x_AP_128 Release/system_M43x.o
 .debug_aranges
                0x00000080       0x20 M43x Loader M43x_AP_128 Release/libmem_m4xx_internal_flash_driver.o
 .debug_aranges
                0x000000a0       0x20 M43x Loader M43x_AP_128 Release/loader.o
 .debug_aranges
                0x000000c0       0x68 M43x Loader M43x_AP_128 Release/libmem_flm_driver.o
 .debug_aranges
                0x00000128       0x20 M43x Loader M43x_AP_128 Release/M4xx_Startup.o
 .debug_aranges
                0x00000148       0x58 M43x Loader M43x_AP_128 Release/thumb_crt0.o

.debug_ranges   0x00000000      0x128
 .debug_ranges  0x00000000       0x48 M43x Loader M43x_AP_128 Release/M43x_AP_128_flm.o
 .debug_ranges  0x00000048       0x18 M43x Loader M43x_AP_128 Release/system_M43x.o
 .debug_ranges  0x00000060       0x10 M43x Loader M43x_AP_128 Release/libmem_m4xx_internal_flash_driver.o
 .debug_ranges  0x00000070       0x10 M43x Loader M43x_AP_128 Release/loader.o
 .debug_ranges  0x00000080       0x58 M43x Loader M43x_AP_128 Release/libmem_flm_driver.o
 .debug_ranges  0x000000d8       0x50 M43x Loader M43x_AP_128 Release/thumb_crt0.o

.debug_line     0x00000000      0xb87
 .debug_line    0x00000000      0x220 M43x Loader M43x_AP_128 Release/M43x_AP_128_flm.o
 .debug_line    0x00000220      0x22d M43x Loader M43x_AP_128 Release/system_M43x.o
 .debug_line    0x0000044d      0x126 M43x Loader M43x_AP_128 Release/libmem_m4xx_internal_flash_driver.o
 .debug_line    0x00000573      0x17e M43x Loader M43x_AP_128 Release/loader.o
 .debug_line    0x000006f1      0x276 M43x Loader M43x_AP_128 Release/libmem_flm_driver.o
 .debug_line    0x00000967       0xa3 M43x Loader M43x_AP_128 Release/M4xx_Startup.o
 .debug_line    0x00000a0a      0x17d M43x Loader M43x_AP_128 Release/thumb_crt0.o

.debug_str      0x00000000      0x70e
 .debug_str     0x00000000      0x70e M43x Loader M43x_AP_128 Release/M43x_AP_128_flm.o
                                0x217 (size before relaxing)
 .debug_str     0x0000070e      0x24f M43x Loader M43x_AP_128 Release/system_M43x.o
 .debug_str     0x0000070e      0x220 M43x Loader M43x_AP_128 Release/libmem_m4xx_internal_flash_driver.o
 .debug_str     0x0000070e      0x256 M43x Loader M43x_AP_128 Release/loader.o
 .debug_str     0x0000070e      0x391 M43x Loader M43x_AP_128 Release/libmem_flm_driver.o
 .debug_str     0x0000070e       0xcb M43x Loader M43x_AP_128 Release/M4xx_Startup.o
 .debug_str     0x0000070e       0x97 M43x Loader M43x_AP_128 Release/thumb_crt0.o

.comment        0x00000000       0x3d
 .comment       0x00000000       0x3d M43x Loader M43x_AP_128 Release/M43x_AP_128_flm.o
                                 0x3e (size before relaxing)
 .comment       0x0000003d       0x3e M43x Loader M43x_AP_128 Release/system_M43x.o
 .comment       0x0000003d       0x3e M43x Loader M43x_AP_128 Release/libmem_m4xx_internal_flash_driver.o
 .comment       0x0000003d       0x3e M43x Loader M43x_AP_128 Release/loader.o
 .comment       0x0000003d       0x3e M43x Loader M43x_AP_128 Release/libmem_flm_driver.o
 .comment       0x0000003d       0x3e /usr/share/crossworks_for_arm_5.3/lib/libmem_v7em_t_le_eabi_small.a(libmem_unity.o)

.ARM.attributes
                0x00000000       0x2e
 .ARM.attributes
                0x00000000       0x30 M43x Loader M43x_AP_128 Release/M43x_AP_128_flm.o
 .ARM.attributes
                0x00000030       0x30 M43x Loader M43x_AP_128 Release/system_M43x.o
 .ARM.attributes
                0x00000060       0x30 M43x Loader M43x_AP_128 Release/libmem_m4xx_internal_flash_driver.o
 .ARM.attributes
                0x00000090       0x30 M43x Loader M43x_AP_128 Release/loader.o
 .ARM.attributes
                0x000000c0       0x30 M43x Loader M43x_AP_128 Release/libmem_flm_driver.o
 .ARM.attributes
                0x000000f0       0x1c M43x Loader M43x_AP_128 Release/M4xx_Startup.o
 .ARM.attributes
                0x0000010c       0x1c M43x Loader M43x_AP_128 Release/thumb_crt0.o
 .ARM.attributes
                0x00000128       0x30 /usr/share/crossworks_for_arm_5.3/lib/libmem_v7em_t_le_eabi_small.a(libmem_unity.o)
 .ARM.attributes
                0x00000158       0x1c /usr/share/crossworks_for_arm_5.3/lib/libmem_v7em_t_le_eabi_small.a(libmem_crc32_direct.o)
 .ARM.attributes
                0x00000174       0x1c /usr/share/crossworks_for_arm_5.3/lib/libmem_loader_v7em_t_le_eabi_small.a(libmem_rpc_loader_start.o)
 .ARM.attributes
                0x00000190       0x1c /usr/share/crossworks_for_arm_5.3/lib/libmem_loader_v7em_t_le_eabi_small.a(libmem_rpc_loader_exit.o)
 .ARM.attributes
                0x000001ac       0x1c /usr/share/crossworks_for_arm_5.3/lib/libmem_loader_v7em_t_le_eabi_small.a(libmem_rpc_loader_op.o)
 .ARM.attributes
                0x000001c8       0x1c /usr/share/crossworks_for_arm_5.3/lib/libc_v7em_t_le_eabi_small.a(libc2_asm.o)

.debug_frame    0x00000000      0x280
 .debug_frame   0x00000000       0xb0 M43x Loader M43x_AP_128 Release/M43x_AP_128_flm.o
 .debug_frame   0x000000b0       0x38 M43x Loader M43x_AP_128 Release/system_M43x.o
 .debug_frame   0x000000e8       0x28 M43x Loader M43x_AP_128 Release/libmem_m4xx_internal_flash_driver.o
 .debug_frame   0x00000110       0x30 M43x Loader M43x_AP_128 Release/loader.o
 .debug_frame   0x00000140      0x140 M43x Loader M43x_AP_128 Release/libmem_flm_driver.o
